// Jest Snapshot v1, https://goo.gl/fbAQLP

exports[`Components SchemaView OneOf deprecated should match snapshot 1`] = `
<div>
  <span
    class="sc-kfYoZR gVXjIn"
  >
     One of 
  </span>
  <div
    class="sc-dlMDgC EoFth"
  >
    <button
      class="sc-fKgJPI dHriKv"
    >
      string
    </button>
    <button
      class="sc-fKgJPI jQDRyO"
    >
      integer
    </button>
  </div>
  <div>
    <span
      class="sc-bqGGPW jPkJXo"
      type="warning"
    >
      Deprecated
    </span>
  </div>
  <div>
    <div>
      <div>
        <span
          class="sc-laZMeE sc-iNiQyp jWaWWE kdDTPH"
        />
        <span
          class="sc-laZMeE sc-jffHpj jWaWWE bqOVJt"
        >
          string
        </span>
      </div>
       
      <div>
        <div
          class="sc-iJCRrE sc-ciSkZP dTVIxT ivOOUr"
        />
      </div>
    </div>
  </div>
</div>
`;
